ABS-S 1/4: 1448 троек, строк таблицы 242: общих 226, из одной копии 13, решено 3; 4-циклов нет, степени = п. 1 формулы
ABS-S 2/5: 1736 троек, строк таблицы 290: общих 286, из одной копии 4, решено 0; 4-циклов нет, степени = п. 1 формулы
ABS-S 1/2: 1832 троек, строк таблицы 306: общих 306, из одной копии 0, решено 0; 4-циклов нет, степени = п. 1 формулы
ABS-S 3/5: 1896 троек, строк таблицы 316: общих 313, из одной копии 1, решено 2; 4-циклов нет, степени = п. 1 формулы
ABS-S 2/3: 1872 троек, строк таблицы 312: общих 312, из одной копии 0, решено 0; 4-циклов нет, степени = п. 1 формулы
ABS-S 3/4: 1872 троек, строк таблицы 312: общих 310, из одной копии 1, решено 1; 4-циклов нет, степени = п. 1 формулы
ABS-S 4/5: 1880 троек, строк таблицы 314: общих 314, из одной копии 0, решено 0; 4-циклов нет, степени = п. 1 формулы
ABS-S 5/6: 1920 троек, строк таблицы 320: общих 314, из одной копии 2, решено 4; 4-циклов нет, степени = п. 1 формулы
ABS-S 13/15: 1728 троек, строк таблицы 288: общих 288, из одной копии 0, решено 0; 4-циклов нет, степени = п. 1 формулы
ABS-S 9/10: 1728 троек, строк таблицы 288: общих 287, из одной копии 0, решено 1; 4-циклов нет, степени = п. 1 формулы
CMMB 1/2: H 4608 × 9216, вес строк 6, квазициклична (период 18 строк, сдвиг 36); COL_ORDER — перестановка 9216
CMMB 3/4: H 2304 × 9216, вес строк 12, квазициклична (период 9 строк, сдвиг 36); COL_ORDER — перестановка 9216
DTMB (7493, 3048): H 4445 × 7493 из alist dtmb-sdr, квазициклична (Z = 127)
DTMB (7493, 4572): H 2921 × 7493 из alist dtmb-sdr, квазициклична (Z = 127)
DTMB (7493, 6096): H 1397 × 7493 из alist dtmb-sdr, квазициклична (Z = 127)
BeiDou beidou-b1c-sf2-1200-600: H 100 × 200 над GF(64), ICD = PocketSDR
BeiDou beidou-b1c-sf3-528-264: H 44 × 88 над GF(64), ICD = PocketSDR
BeiDou beidou-b2a-576-288: H 48 × 96 над GF(64), ICD = PocketSDR
BeiDou beidou-b2b-972-486: H 81 × 162 над GF(64), ICD = PocketSDR
записано кодов: 19 → src/reportgen/potok/data/ldpc_kitay.json
ранг abs-s-15360-3840: rank H = rank H[проверочные] = n − k = 11520
ранг abs-s-15360-6144: rank H = rank H[проверочные] = n − k = 9216
ранг abs-s-15360-7680: rank H = rank H[проверочные] = n − k = 7680
ранг abs-s-15360-9216: rank H = rank H[проверочные] = n − k = 6144
ранг abs-s-15360-10240: rank H = rank H[проверочные] = n − k = 5120
ранг abs-s-15360-11520: rank H = rank H[проверочные] = n − k = 3840
ранг abs-s-15360-12288: rank H = rank H[проверочные] = n − k = 3072
ранг abs-s-15360-12800: rank H = rank H[проверочные] = n − k = 2560
ранг abs-s-15360-13312: rank H = rank H[проверочные] = n − k = 2048
ранг abs-s-15360-13824: rank H = rank H[проверочные] = n − k = 1536
ранг cmmb-9216-4608: rank H = rank H[проверочные] = n − k = 4608
ранг cmmb-9216-6912: rank H = rank H[проверочные] = n − k = 2304
ранг dtmb-7493-3048: rank H = rank H[проверочные] = n − k = 4445
ранг dtmb-7493-4572: rank H = rank H[проверочные] = n − k = 2921
ранг dtmb-7493-6096: rank H = rank H[проверочные] = n − k = 1397
ранг beidou-b1c-sf2-1200-600: rank H = rank H[проверочные] = n − k = 600
ранг beidou-b1c-sf3-528-264: rank H = rank H[проверочные] = n − k = 264
ранг beidou-b2a-576-288: rank H = rank H[проверочные] = n − k = 288
ранг beidou-b2b-972-486: rank H = rank H[проверочные] = n − k = 486
