VersaFEC: 12 ModCod совпали в патенте (табл. 1), MN-CDM625A табл. B-9 и M-1:
    0 BPSK   0.488  блок 2k     (блок/бит на символ ≈ 2000 символов)
    1 QPSK   0.533  блок 4.1k   (блок/бит на символ ≈ 2050 символов)
    2 QPSK   0.631  блок 4.1k   (блок/бит на символ ≈ 2050 символов)
    3 QPSK   0.706  блок 4.1k   (блок/бит на символ ≈ 2050 символов)
    4 QPSK   0.803  блок 4.1k   (блок/бит на символ ≈ 2050 символов)
    5 8-QAM  0.642  блок 6.1k   (блок/бит на символ ≈ 2033 символов)
    6 8-QAM  0.711  блок 6.1k   (блок/бит на символ ≈ 2033 символов)
    7 8-QAM  0.780  блок 6.1k   (блок/бит на символ ≈ 2033 символов)
    8 16-QAM 0.731  блок 8.2k   (блок/бит на символ ≈ 2050 символов)
    9 16-QAM 0.780  блок 8.2k   (блок/бит на символ ≈ 2050 символов)
   10 16-QAM 0.829  блок 8.2k   (блок/бит на символ ≈ 2050 символов)
   11 16-QAM 0.853  блок 8.2k   (блок/бит на символ ≈ 2050 символов)
VersaFEC CCM 0.576/0.644 и ULL 0.493/0.493/0.654/0.734: руководство стр. 555 = даташит ds-cdm625A
VersaFEC-2: 38 длинных и 36 коротких ModCod совпали в табл. B-10/B-11 и M-3/M-4; для всех общих 36:
   K_длин = 6·K_кор; K_кор = 1600·m·r_ном; указанная скорость = r_ном·(0,9775±0,0015) — постоянная доля служебных символов [арифметика]
   номинальные скорости: ['1/2', '8/15', '11/20', '23/40', '3/5', '5/8', '13/20', '27/40', '7/10', '29/40', '3/4', '31/40', '4/5', '41/50', '17/20']
Datum FlexLDPC: блоки и скорости совпали в двух руководствах M7 и White Paper; задержка 1/2 при 64 кбит/с, мс: {256: 7.2, 512: 13.4, 1024: 25.3, 2048: 49.6, 4096: 98.0, 8192: 195.0, 16384: 388.6}
LDPC 3/4 16QAM при 64 кбит/с = 395 мс: Comtech (MN-CDM625A стр. 552), Paradise (Handbook стр. 238), Datum WP стр. 6 («Traditional LDPC»); у Comtech блок 16 кбит (стр. 553)
DOCSIS 3.1: коды [(16200, 14400, 'L=360'), (5940, 5040, 'L=180'), (1120, 840, 'L=56')] — N = n·L, K = (n−m)·L
ВСЁ СОВПАЛО
