DVB-S2 (EN 302 307-1) таблиц совпало: 21
   B1   N=64800 K=16200 чисел=270 в_gr-dvbs2=1
   B2   N=64800 K=21600 чисел=360 в_gr-dvbs2=1
   B3   N=64800 K=25920 чисел=432 в_gr-dvbs2=1
   B4   N=64800 K=32400 чисел=450 в_gr-dvbs2=2
   B5   N=64800 K=38880 чисел=648 в_gr-dvbs2=2
   B6   N=64800 K=43200 чисел=480 в_gr-dvbs2=2
   B7   N=64800 K=48600 чисел=540 в_gr-dvbs2=2
   B8   N=64800 K=51840 чисел=576 в_gr-dvbs2=1
   B9   N=64800 K=54000 чисел=600 в_gr-dvbs2=1
   B10  N=64800 K=57600 чисел=500 в_gr-dvbs2=1
   B11  N=64800 K=58320 чисел=504 в_gr-dvbs2=1
   C1   N=16200 K=3240 чисел=63 в_gr-dvbs2=1
   C2   N=16200 K=5400 чисел=90 в_gr-dvbs2=1
   C3   N=16200 K=6480 чисел=108 в_gr-dvbs2=1
   C4   N=16200 K=7200 чисел=85 в_gr-dvbs2=1
   C5   N=16200 K=9720 чисел=162 в_gr-dvbs2=1
   C6   N=16200 K=10800 чисел=120 в_gr-dvbs2=1
   C7   N=16200 K=11880 чисел=108 в_gr-dvbs2=1
   C8   N=16200 K=12600 чисел=105 в_gr-dvbs2=1
   C9   N=16200 K=13320 чисел=121 в_gr-dvbs2=1
   C10  N=16200 K=14400 чисел=125 в_gr-dvbs2=1
DVB-S2X (EN 302 307-2) таблиц совпало: 34
   B1   N=64800 K=14400 чисел=280 в_gr-dvbs2=1
   B2   N=64800 K=18720 чисел=372 в_gr-dvbs2=1
   B3   N=64800 K=29160 чисел=495 в_gr-dvbs2=1
   B4   N=64800 K=35640 чисел=567 в_gr-dvbs2=1
   B5   N=64800 K=37440 чисел=608 в_gr-dvbs2=2
   B6   N=64800 K=40320 чисел=544 в_gr-dvbs2=1
   B7   N=64800 K=41400 чисел=520 в_gr-dvbs2=1
   B8   N=64800 K=45000 чисел=605 в_gr-dvbs2=1
   B9   N=64800 K=46800 чисел=600 в_gr-dvbs2=1
   B10  N=64800 K=50400 чисел=640 в_gr-dvbs2=2
   B11  N=64800 K=32400 чисел=530 в_gr-dvbs2=2
   B12  N=64800 K=34560 чисел=573 в_gr-dvbs2=1
   B13  N=64800 K=36000 чисел=550 в_gr-dvbs2=1
   B14  N=64800 K=37440 чисел=602 в_gr-dvbs2=2
   B15  N=64800 K=41760 чисел=623 в_gr-dvbs2=1
   B16  N=64800 K=44640 чисел=647 в_gr-dvbs2=1
   B17  N=64800 K=46080 чисел=649 в_gr-dvbs2=1
   B18  N=64800 K=47520 чисел=661 в_gr-dvbs2=2
   B19  N=64800 K=48600 чисел=645 в_gr-dvbs2=2
   B20  N=64800 K=50400 чисел=705 в_gr-dvbs2=2
   B21  N=64800 K=55440 чисел=707 в_gr-dvbs2=1
   B22  N=64800 K=38880 чисел=647 в_gr-dvbs2=2
   B23  N=64800 K=43200 чисел=661 в_gr-dvbs2=2
   B24  N=64800 K=47520 чисел=679 в_gr-dvbs2=2
   C1   N=16200 K=3960 чисел=68 в_gr-dvbs2=1
   C2   N=16200 K=4320 чисел=96 в_gr-dvbs2=1
   C3   N=16200 K=5040 чисел=93 в_gr-dvbs2=1
   C4   N=16200 K=7560 чисел=155 в_gr-dvbs2=1
   C5   N=16200 K=8640 чисел=167 в_gr-dvbs2=1
   C6   N=16200 K=9360 чисел=152 в_gr-dvbs2=1
   C7   N=16200 K=11520 чисел=143 в_gr-dvbs2=1
   C8   N=32400 K=6480 чисел=144 в_gr-dvbs2=1
   C9   N=32400 K=7920 чисел=136 в_gr-dvbs2=1
   C10  N=32400 K=10800 чисел=180 в_gr-dvbs2=1
DVB-T2 (EN 302 755) таблиц совпало: 15
   A1   N=64800 K=32400 чисел=450 в_gr-dvbs2=0
   A2   N=64800 K=38880 чисел=648 в_gr-dvbs2=0
   A3   N=64800 K=43200 чисел=480 в_gr-dvbs2=0
   A4   N=64800 K=48600 чисел=540 в_gr-dvbs2=0
   A5   N=64800 K=51840 чисел=576 в_gr-dvbs2=0
   A6   N=64800 K=54000 чисел=600 в_gr-dvbs2=0
   B1   N=16200 K=3240 чисел=63 в_gr-dvbs2=0
   B2   N=16200 K=7200 чисел=85 в_gr-dvbs2=0
   B3   N=16200 K=9720 чисел=126 в_gr-dvbs2=0
   B4   N=16200 K=10800 чисел=120 в_gr-dvbs2=0
   B5   N=16200 K=11880 чисел=108 в_gr-dvbs2=0
   B6   N=16200 K=12600 чисел=105 в_gr-dvbs2=0
   B7   N=16200 K=13320 чисел=121 в_gr-dvbs2=0
   B8   N=16200 K=5400 чисел=90 в_gr-dvbs2=0
   B9   N=16200 K=6480 чисел=108 в_gr-dvbs2=0
ВСЁ СОВПАЛО
